php : PHP Fatal error:  Uncaught Error: Call to a member function connection() on null in C:\Users\mosst\OneDrive\Deskt
op\projet_test\backend\vendor\laravel\framework\src\Illuminate\Database\Eloquent\Model.php:1980
At line:1 char:1
+ php test_api.php > test_output.txt 2>&1; Get-Content test_output.txt  ...
+ ~~~~~~~~~~~~~~~~~~~~~~~~~~~~~~~~~~~~~~~
    + CategoryInfo          : NotSpecified: (PHP Fatal error...\Model.php:1980:String) [], RemoteException
    + FullyQualifiedErrorId : NativeCommandError
 
Stack trace:
#0 C:\Users\mosst\OneDrive\Desktop\projet_test\backend\vendor\laravel\framework\src\Illuminate\Database\Eloquent\Model.
php(1946): Illuminate\Database\Eloquent\Model::resolveConnection()
#1 C:\Users\mosst\OneDrive\Desktop\projet_test\backend\vendor\laravel\framework\src\Illuminate\Database\Eloquent\Model.
php(1713): Illuminate\Database\Eloquent\Model->getConnection()
#2 C:\Users\mosst\OneDrive\Desktop\projet_test\backend\vendor\laravel\framework\src\Illuminate\Database\Eloquent\Model.
php(1611): Illuminate\Database\Eloquent\Model->newBaseQueryBuilder()
#3 C:\Users\mosst\OneDrive\Desktop\projet_test\backend\vendor\laravel\framework\src\Illuminate\Database\Eloquent\Model.
php(1647): Illuminate\Database\Eloquent\Model->newModelQuery()
#4 C:\Users\mosst\OneDrive\Desktop\projet_test\backend\vendor\laravel\framework\src\Illuminate\Database\Eloquent\Model.
php(1600): Illuminate\Database\Eloquent\Model->newQueryWithoutScopes()
#5 C:\Users\mosst\OneDrive\Desktop\projet_test\backend\vendor\laravel\framework\src\Illuminate\Database\Eloquent\Model.
php(2540): Illuminate\Database\Eloquent\Model->newQuery()
#6 C:\Users\mosst\OneDrive\Desktop\projet_test\backend\vendor\laravel\framework\src\Illuminate\Database\Eloquent\Model.
php(2556): Illuminate\Database\Eloquent\Model->__call()
#7 C:\Users\mosst\OneDrive\Desktop\projet_test\backend\test_api.php(8): 
Illuminate\Database\Eloquent\Model::__callStatic()
#8 {main}
  thrown in C:\Users\mosst\OneDrive\Desktop\projet_test\backend\vendor\laravel\framework\src\Illuminate\Database\Eloque
nt\Model.php on line 1980
